// Jest Snapshot v1, https://goo.gl/fbAQLP

exports[`Pruebas en <GifItem/> Esto deberia hacer match con el snapshot  1`] = `
<div>
  <div
    class="card"
  >
    <img
      alt="nvdia news"
      src="https://nvidia-news.com/nvidia-news"
    />
    <p>
       
      nvdia news
       
    </p>
  </div>
</div>
`;
